2026-03-16 11:53:19,622 pid=17664 ============== DEBUG FITNESS ==============
2026-03-16 11:53:19,623 pid=17664 stim_e1_v2               = 0.488 Hz
2026-03-16 11:53:19,623 pid=17664 mean_offstim_e1_v2       = 0.489 Hz
2026-03-16 11:53:19,623 pid=17664 persistent_e1_46         = 15.179 Hz
2026-03-16 11:53:19,623 pid=17664 mean_pre_e1_46           = 15.198 Hz
2026-03-16 11:53:19,623 pid=17664 e2_metric (anywhere, any t)= 0.000 Hz
2026-03-16 11:53:19,623 pid=17664 --- penalties ---
2026-03-16 11:53:19,623 pid=17664 penalty_e1_v2_high_during_stim = 2.285
2026-03-16 11:53:19,623 pid=17664 penalty_e1_v2_low_outside_stim = 0.000
2026-03-16 11:53:19,623 pid=17664 penalty_e1_v2_total            = 2.285
2026-03-16 11:53:19,623 pid=17664 penalty_e1_46_high_persistent  = 0.000
2026-03-16 11:53:19,623 pid=17664 penalty_e1_46_low_before_stim  = 14.198
2026-03-16 11:53:19,623 pid=17664 penalty_e1_46_total            = 14.198
2026-03-16 11:53:19,624 pid=17664 penalty_e2                     = 0.000
2026-03-16 11:53:19,624 pid=17664 total_penalty_stim             = 16.484
2026-03-16 11:53:19,624 pid=17664 ---- SHAPE THE PATTERN ----
2026-03-16 11:53:19,624 pid=17664 v2_delta                   = -0.001 Hz
2026-03-16 11:53:19,624 pid=17664 a46_delta                  = -0.020 Hz
2026-03-16 11:53:19,624 pid=17664 bif_term                   = -13.940 Hz
2026-03-16 11:53:19,624 pid=17664 --- pattern penalties ---
2026-03-16 11:53:19,624 pid=17664 penalty_v2_no_transient           = 2.818
2026-03-16 11:53:19,624 pid=17664 penalty_46_no_persistence         = 2.961
2026-03-16 11:53:19,624 pid=17664 penalty_no_bifurcation_pattern    = 0.000
2026-03-16 11:53:19,624 pid=17664 TOTAL PENALTY (stim+base) = 22.263
2026-03-16 11:53:19,624 pid=17664 ===========================================
2026-03-16 11:53:31,283 pid=17664 ============== DEBUG FITNESS ==============
2026-03-16 11:53:31,284 pid=17664 stim_e1_v2               = 17.284 Hz
2026-03-16 11:53:31,284 pid=17664 mean_offstim_e1_v2       = 17.354 Hz
2026-03-16 11:53:31,284 pid=17664 persistent_e1_46         = 18.235 Hz
2026-03-16 11:53:31,284 pid=17664 mean_pre_e1_46           = 18.202 Hz
2026-03-16 11:53:31,284 pid=17664 e2_metric (anywhere, any t)= 0.000 Hz
2026-03-16 11:53:31,284 pid=17664 --- penalties ---
2026-03-16 11:53:31,284 pid=17664 penalty_e1_v2_high_during_stim = 0.000
2026-03-16 11:53:31,284 pid=17664 penalty_e1_v2_low_outside_stim = 16.354
2026-03-16 11:53:31,284 pid=17664 penalty_e1_v2_total            = 16.354
2026-03-16 11:53:31,284 pid=17664 penalty_e1_46_high_persistent  = 0.000
2026-03-16 11:53:31,284 pid=17664 penalty_e1_46_low_before_stim  = 17.202
2026-03-16 11:53:31,284 pid=17664 penalty_e1_46_total            = 17.202
2026-03-16 11:53:31,284 pid=17664 penalty_e2                     = 0.000
2026-03-16 11:53:31,284 pid=17664 total_penalty_stim             = 33.556
2026-03-16 11:53:31,284 pid=17664 ---- SHAPE THE PATTERN ----
2026-03-16 11:53:31,284 pid=17664 v2_delta                   = -0.070 Hz
2026-03-16 11:53:31,284 pid=17664 a46_delta                  = 0.033 Hz
2026-03-16 11:53:31,284 pid=17664 bif_term                   = -0.132 Hz
2026-03-16 11:53:31,284 pid=17664 --- pattern penalties ---
2026-03-16 11:53:31,284 pid=17664 penalty_v2_no_transient           = 3.359
2026-03-16 11:53:31,284 pid=17664 penalty_46_no_persistence         = 2.570
2026-03-16 11:53:31,284 pid=17664 penalty_no_bifurcation_pattern    = 0.000
2026-03-16 11:53:31,284 pid=17664 TOTAL PENALTY (stim+base) = 39.485
2026-03-16 11:53:31,284 pid=17664 ===========================================
2026-03-16 11:53:42,980 pid=17664 ============== DEBUG FITNESS ==============
2026-03-16 11:53:42,980 pid=17664 stim_e1_v2               = 0.423 Hz
2026-03-16 11:53:42,980 pid=17664 mean_offstim_e1_v2       = 0.418 Hz
2026-03-16 11:53:42,980 pid=17664 persistent_e1_46         = 0.464 Hz
2026-03-16 11:53:42,980 pid=17664 mean_pre_e1_46           = 0.467 Hz
2026-03-16 11:53:42,981 pid=17664 e2_metric (anywhere, any t)= 0.000 Hz
2026-03-16 11:53:42,981 pid=17664 --- penalties ---
2026-03-16 11:53:42,981 pid=17664 penalty_e1_v2_high_during_stim = 2.488
2026-03-16 11:53:42,981 pid=17664 penalty_e1_v2_low_outside_stim = 0.000
2026-03-16 11:53:42,981 pid=17664 penalty_e1_v2_total            = 2.488
2026-03-16 11:53:42,981 pid=17664 penalty_e1_46_high_persistent  = 90.934
2026-03-16 11:53:42,981 pid=17664 penalty_e1_46_low_before_stim  = 0.000
2026-03-16 11:53:42,981 pid=17664 penalty_e1_46_total            = 90.934
2026-03-16 11:53:42,981 pid=17664 penalty_e2                     = 0.000
2026-03-16 11:53:42,981 pid=17664 total_penalty_stim             = 93.421
2026-03-16 11:53:42,981 pid=17664 ---- SHAPE THE PATTERN ----
2026-03-16 11:53:42,981 pid=17664 v2_delta                   = 0.005 Hz
2026-03-16 11:53:42,981 pid=17664 a46_delta                  = -0.003 Hz
2026-03-16 11:53:42,981 pid=17664 bif_term                   = 0.704 Hz
2026-03-16 11:53:42,981 pid=17664 --- pattern penalties ---
2026-03-16 11:53:42,981 pid=17664 penalty_v2_no_transient           = 2.774
2026-03-16 11:53:42,981 pid=17664 penalty_46_no_persistence         = 2.835
2026-03-16 11:53:42,981 pid=17664 penalty_no_bifurcation_pattern    = 0.990
2026-03-16 11:53:42,981 pid=17664 TOTAL PENALTY (stim+base) = 100.021
2026-03-16 11:53:42,981 pid=17664 ===========================================
2026-03-16 11:53:51,224 pid=17664 ============== DEBUG FITNESS ==============
2026-03-16 11:53:51,224 pid=17664 stim_e1_v2               = 0.492 Hz
2026-03-16 11:53:51,224 pid=17664 mean_offstim_e1_v2       = 0.489 Hz
2026-03-16 11:53:51,224 pid=17664 persistent_e1_46         = 0.475 Hz
2026-03-16 11:53:51,224 pid=17664 mean_pre_e1_46           = 0.471 Hz
2026-03-16 11:53:51,224 pid=17664 e2_metric (anywhere, any t)= 0.000 Hz
2026-03-16 11:53:51,224 pid=17664 --- penalties ---
2026-03-16 11:53:51,224 pid=17664 penalty_e1_v2_high_during_stim = 2.273
2026-03-16 11:53:51,224 pid=17664 penalty_e1_v2_low_outside_stim = 0.000
2026-03-16 11:53:51,224 pid=17664 penalty_e1_v2_total            = 2.273
2026-03-16 11:53:51,224 pid=17664 penalty_e1_46_high_persistent  = 90.718
2026-03-16 11:53:51,224 pid=17664 penalty_e1_46_low_before_stim  = 0.000
2026-03-16 11:53:51,224 pid=17664 penalty_e1_46_total            = 90.718
2026-03-16 11:53:51,224 pid=17664 penalty_e2                     = 0.000
2026-03-16 11:53:51,224 pid=17664 total_penalty_stim             = 92.991
2026-03-16 11:53:51,224 pid=17664 ---- SHAPE THE PATTERN ----
2026-03-16 11:53:51,224 pid=17664 v2_delta                   = 0.003 Hz
2026-03-16 11:53:51,224 pid=17664 a46_delta                  = 0.005 Hz
2026-03-16 11:53:51,224 pid=17664 bif_term                   = 0.764 Hz
2026-03-16 11:53:51,224 pid=17664 --- pattern penalties ---
2026-03-16 11:53:51,224 pid=17664 penalty_v2_no_transient           = 2.788
2026-03-16 11:53:51,224 pid=17664 penalty_46_no_persistence         = 2.778
2026-03-16 11:53:51,224 pid=17664 penalty_no_bifurcation_pattern    = 1.166
2026-03-16 11:53:51,224 pid=17664 TOTAL PENALTY (stim+base) = 99.723
2026-03-16 11:53:51,224 pid=17664 ===========================================
2026-03-16 11:54:06,317 pid=17664 ============== DEBUG FITNESS ==============
2026-03-16 11:54:06,317 pid=17664 stim_e1_v2               = 0.255 Hz
2026-03-16 11:54:06,317 pid=17664 mean_offstim_e1_v2       = 0.269 Hz
2026-03-16 11:54:06,317 pid=17664 persistent_e1_46         = 18.908 Hz
2026-03-16 11:54:06,317 pid=17664 mean_pre_e1_46           = 18.872 Hz
2026-03-16 11:54:06,317 pid=17664 e2_metric (anywhere, any t)= 0.000 Hz
2026-03-16 11:54:06,317 pid=17664 --- penalties ---
2026-03-16 11:54:06,317 pid=17664 penalty_e1_v2_high_during_stim = 3.043
2026-03-16 11:54:06,317 pid=17664 penalty_e1_v2_low_outside_stim = 0.000
2026-03-16 11:54:06,317 pid=17664 penalty_e1_v2_total            = 3.043
2026-03-16 11:54:06,317 pid=17664 penalty_e1_46_high_persistent  = 0.000
2026-03-16 11:54:06,317 pid=17664 penalty_e1_46_low_before_stim  = 17.872
2026-03-16 11:54:06,317 pid=17664 penalty_e1_46_total            = 17.872
2026-03-16 11:54:06,317 pid=17664 penalty_e2                     = 0.000
2026-03-16 11:54:06,317 pid=17664 total_penalty_stim             = 20.915
2026-03-16 11:54:06,317 pid=17664 ---- SHAPE THE PATTERN ----
2026-03-16 11:54:06,317 pid=17664 v2_delta                   = -0.013 Hz
2026-03-16 11:54:06,317 pid=17664 a46_delta                  = 0.036 Hz
2026-03-16 11:54:06,317 pid=17664 bif_term                   = -17.889 Hz
2026-03-16 11:54:06,317 pid=17664 --- pattern penalties ---
2026-03-16 11:54:06,317 pid=17664 penalty_v2_no_transient           = 2.915
2026-03-16 11:54:06,317 pid=17664 penalty_46_no_persistence         = 2.550
2026-03-16 11:54:06,318 pid=17664 penalty_no_bifurcation_pattern    = 0.000
2026-03-16 11:54:06,318 pid=17664 TOTAL PENALTY (stim+base) = 26.379
2026-03-16 11:54:06,318 pid=17664 ===========================================
2026-03-16 11:54:24,604 pid=17664 ============== DEBUG FITNESS ==============
2026-03-16 11:54:24,604 pid=17664 stim_e1_v2               = 17.632 Hz
2026-03-16 11:54:24,604 pid=17664 mean_offstim_e1_v2       = 17.631 Hz
2026-03-16 11:54:24,604 pid=17664 persistent_e1_46         = 16.487 Hz
2026-03-16 11:54:24,604 pid=17664 mean_pre_e1_46           = 16.521 Hz
2026-03-16 11:54:24,604 pid=17664 e2_metric (anywhere, any t)= 0.000 Hz
2026-03-16 11:54:24,604 pid=17664 --- penalties ---
2026-03-16 11:54:24,604 pid=17664 penalty_e1_v2_high_during_stim = 0.000
2026-03-16 11:54:24,604 pid=17664 penalty_e1_v2_low_outside_stim = 16.631
2026-03-16 11:54:24,604 pid=17664 penalty_e1_v2_total            = 16.631
2026-03-16 11:54:24,604 pid=17664 penalty_e1_46_high_persistent  = 0.000
2026-03-16 11:54:24,604 pid=17664 penalty_e1_46_low_before_stim  = 15.521
2026-03-16 11:54:24,604 pid=17664 penalty_e1_46_total            = 15.521
2026-03-16 11:54:24,604 pid=17664 penalty_e2                     = 0.000
2026-03-16 11:54:24,604 pid=17664 total_penalty_stim             = 32.152
2026-03-16 11:54:24,604 pid=17664 ---- SHAPE THE PATTERN ----
2026-03-16 11:54:24,604 pid=17664 v2_delta                   = 0.001 Hz
2026-03-16 11:54:24,605 pid=17664 a46_delta                  = -0.034 Hz
2026-03-16 11:54:24,605 pid=17664 bif_term                   = 1.894 Hz
2026-03-16 11:54:24,605 pid=17664 --- pattern penalties ---
2026-03-16 11:54:24,605 pid=17664 penalty_v2_no_transient           = 2.804
2026-03-16 11:54:24,605 pid=17664 penalty_46_no_persistence         = 3.073
2026-03-16 11:54:24,605 pid=17664 penalty_no_bifurcation_pattern    = 7.175
2026-03-16 11:54:24,605 pid=17664 TOTAL PENALTY (stim+base) = 45.205
2026-03-16 11:54:24,605 pid=17664 ===========================================
2026-03-16 11:54:41,199 pid=17664 ============== DEBUG FITNESS ==============
2026-03-16 11:54:41,199 pid=17664 stim_e1_v2               = 0.051 Hz
2026-03-16 11:54:41,199 pid=17664 mean_offstim_e1_v2       = 0.050 Hz
2026-03-16 11:54:41,199 pid=17664 persistent_e1_46         = 12.483 Hz
2026-03-16 11:54:41,199 pid=17664 mean_pre_e1_46           = 12.461 Hz
2026-03-16 11:54:41,199 pid=17664 e2_metric (anywhere, any t)= 0.000 Hz
2026-03-16 11:54:41,199 pid=17664 --- penalties ---
2026-03-16 11:54:41,200 pid=17664 penalty_e1_v2_high_during_stim = 3.798
2026-03-16 11:54:41,200 pid=17664 penalty_e1_v2_low_outside_stim = 0.000
2026-03-16 11:54:41,200 pid=17664 penalty_e1_v2_total            = 3.798
2026-03-16 11:54:41,200 pid=17664 penalty_e1_46_high_persistent  = 0.000
2026-03-16 11:54:41,200 pid=17664 penalty_e1_46_low_before_stim  = 11.461
2026-03-16 11:54:41,200 pid=17664 penalty_e1_46_total            = 11.461
2026-03-16 11:54:41,200 pid=17664 penalty_e2                     = 0.000
2026-03-16 11:54:41,200 pid=17664 total_penalty_stim             = 15.258
2026-03-16 11:54:41,200 pid=17664 ---- SHAPE THE PATTERN ----
2026-03-16 11:54:41,200 pid=17664 v2_delta                   = 0.001 Hz
2026-03-16 11:54:41,200 pid=17664 a46_delta                  = 0.022 Hz
2026-03-16 11:54:41,200 pid=17664 bif_term                   = -11.682 Hz
2026-03-16 11:54:41,200 pid=17664 --- pattern penalties ---
2026-03-16 11:54:41,200 pid=17664 penalty_v2_no_transient           = 2.807
2026-03-16 11:54:41,200 pid=17664 penalty_46_no_persistence         = 2.648
2026-03-16 11:54:41,200 pid=17664 penalty_no_bifurcation_pattern    = 0.000
2026-03-16 11:54:41,200 pid=17664 TOTAL PENALTY (stim+base) = 20.714
2026-03-16 11:54:41,200 pid=17664 ===========================================
2026-03-16 11:55:04,133 pid=17664 ============== DEBUG FITNESS ==============
2026-03-16 11:55:04,133 pid=17664 stim_e1_v2               = 0.400 Hz
2026-03-16 11:55:04,133 pid=17664 mean_offstim_e1_v2       = 0.400 Hz
2026-03-16 11:55:04,133 pid=17664 persistent_e1_46         = 0.412 Hz
2026-03-16 11:55:04,133 pid=17664 mean_pre_e1_46           = 0.414 Hz
2026-03-16 11:55:04,133 pid=17664 e2_metric (anywhere, any t)= 0.000 Hz
2026-03-16 11:55:04,133 pid=17664 --- penalties ---
2026-03-16 11:55:04,133 pid=17664 penalty_e1_v2_high_during_stim = 2.559
2026-03-16 11:55:04,133 pid=17664 penalty_e1_v2_low_outside_stim = 0.000
2026-03-16 11:55:04,133 pid=17664 penalty_e1_v2_total            = 2.559
2026-03-16 11:55:04,133 pid=17664 penalty_e1_46_high_persistent  = 91.931
2026-03-16 11:55:04,133 pid=17664 penalty_e1_46_low_before_stim  = 0.000
2026-03-16 11:55:04,133 pid=17664 penalty_e1_46_total            = 91.931
2026-03-16 11:55:04,133 pid=17664 penalty_e2                     = 0.000
2026-03-16 11:55:04,133 pid=17664 total_penalty_stim             = 94.490
2026-03-16 11:55:04,133 pid=17664 ---- SHAPE THE PATTERN ----
2026-03-16 11:55:04,133 pid=17664 v2_delta                   = 0.001 Hz
2026-03-16 11:55:04,133 pid=17664 a46_delta                  = -0.002 Hz
2026-03-16 11:55:04,133 pid=17664 bif_term                   = 0.738 Hz
2026-03-16 11:55:04,133 pid=17664 --- pattern penalties ---
2026-03-16 11:55:04,133 pid=17664 penalty_v2_no_transient           = 2.807
2026-03-16 11:55:04,133 pid=17664 penalty_46_no_persistence         = 2.831
2026-03-16 11:55:04,133 pid=17664 penalty_no_bifurcation_pattern    = 1.088
2026-03-16 11:55:04,133 pid=17664 TOTAL PENALTY (stim+base) = 101.216
2026-03-16 11:55:04,133 pid=17664 ===========================================
