2026-03-16 11:53:20,589 pid=2276 ============== DEBUG FITNESS ==============
2026-03-16 11:53:20,589 pid=2276 stim_e1_v2               = 25.670 Hz
2026-03-16 11:53:20,589 pid=2276 mean_offstim_e1_v2       = 25.573 Hz
2026-03-16 11:53:20,589 pid=2276 persistent_e1_46         = 26.078 Hz
2026-03-16 11:53:20,589 pid=2276 mean_pre_e1_46           = 26.141 Hz
2026-03-16 11:53:20,589 pid=2276 e2_metric (anywhere, any t)= 0.000 Hz
2026-03-16 11:53:20,590 pid=2276 --- penalties ---
2026-03-16 11:53:20,590 pid=2276 penalty_e1_v2_high_during_stim = 0.000
2026-03-16 11:53:20,590 pid=2276 penalty_e1_v2_low_outside_stim = 24.573
2026-03-16 11:53:20,590 pid=2276 penalty_e1_v2_total            = 24.573
2026-03-16 11:53:20,590 pid=2276 penalty_e1_46_high_persistent  = 0.000
2026-03-16 11:53:20,590 pid=2276 penalty_e1_46_low_before_stim  = 25.141
2026-03-16 11:53:20,590 pid=2276 penalty_e1_46_total            = 25.141
2026-03-16 11:53:20,590 pid=2276 penalty_e2                     = 0.000
2026-03-16 11:53:20,590 pid=2276 total_penalty_stim             = 49.713
2026-03-16 11:53:20,590 pid=2276 ---- SHAPE THE PATTERN ----
2026-03-16 11:53:20,590 pid=2276 v2_delta                   = 0.097 Hz
2026-03-16 11:53:20,590 pid=2276 a46_delta                  = -0.062 Hz
2026-03-16 11:53:20,590 pid=2276 bif_term                   = 0.244 Hz
2026-03-16 11:53:20,590 pid=2276 --- pattern penalties ---
2026-03-16 11:53:20,590 pid=2276 penalty_v2_no_transient           = 2.131
2026-03-16 11:53:20,590 pid=2276 penalty_46_no_persistence         = 3.300
2026-03-16 11:53:20,590 pid=2276 penalty_no_bifurcation_pattern    = 0.119
2026-03-16 11:53:20,590 pid=2276 TOTAL PENALTY (stim+base) = 55.264
2026-03-16 11:53:20,590 pid=2276 ===========================================
2026-03-16 11:53:32,889 pid=2276 ============== DEBUG FITNESS ==============
2026-03-16 11:53:32,889 pid=2276 stim_e1_v2               = 16.040 Hz
2026-03-16 11:53:32,889 pid=2276 mean_offstim_e1_v2       = 16.062 Hz
2026-03-16 11:53:32,889 pid=2276 persistent_e1_46         = 15.555 Hz
2026-03-16 11:53:32,889 pid=2276 mean_pre_e1_46           = 15.490 Hz
2026-03-16 11:53:32,889 pid=2276 e2_metric (anywhere, any t)= 0.000 Hz
2026-03-16 11:53:32,889 pid=2276 --- penalties ---
2026-03-16 11:53:32,889 pid=2276 penalty_e1_v2_high_during_stim = 0.000
2026-03-16 11:53:32,889 pid=2276 penalty_e1_v2_low_outside_stim = 15.062
2026-03-16 11:53:32,889 pid=2276 penalty_e1_v2_total            = 15.062
2026-03-16 11:53:32,890 pid=2276 penalty_e1_46_high_persistent  = 0.000
2026-03-16 11:53:32,890 pid=2276 penalty_e1_46_low_before_stim  = 14.490
2026-03-16 11:53:32,890 pid=2276 penalty_e1_46_total            = 14.490
2026-03-16 11:53:32,890 pid=2276 penalty_e2                     = 0.000
2026-03-16 11:53:32,890 pid=2276 total_penalty_stim             = 29.552
2026-03-16 11:53:32,890 pid=2276 ---- SHAPE THE PATTERN ----
2026-03-16 11:53:32,890 pid=2276 v2_delta                   = -0.022 Hz
2026-03-16 11:53:32,890 pid=2276 a46_delta                  = 0.065 Hz
2026-03-16 11:53:32,890 pid=2276 bif_term                   = 1.258 Hz
2026-03-16 11:53:32,890 pid=2276 --- pattern penalties ---
2026-03-16 11:53:32,890 pid=2276 penalty_v2_no_transient           = 2.981
2026-03-16 11:53:32,890 pid=2276 penalty_46_no_persistence         = 2.346
2026-03-16 11:53:32,890 pid=2276 penalty_no_bifurcation_pattern    = 3.163
2026-03-16 11:53:32,890 pid=2276 TOTAL PENALTY (stim+base) = 38.043
2026-03-16 11:53:32,890 pid=2276 ===========================================
2026-03-16 11:53:45,220 pid=2276 ============== DEBUG FITNESS ==============
2026-03-16 11:53:45,220 pid=2276 stim_e1_v2               = 0.377 Hz
2026-03-16 11:53:45,220 pid=2276 mean_offstim_e1_v2       = 0.381 Hz
2026-03-16 11:53:45,220 pid=2276 persistent_e1_46         = 0.378 Hz
2026-03-16 11:53:45,220 pid=2276 mean_pre_e1_46           = 0.380 Hz
2026-03-16 11:53:45,220 pid=2276 e2_metric (anywhere, any t)= 0.000 Hz
2026-03-16 11:53:45,220 pid=2276 --- penalties ---
2026-03-16 11:53:45,220 pid=2276 penalty_e1_v2_high_during_stim = 2.636
2026-03-16 11:53:45,220 pid=2276 penalty_e1_v2_low_outside_stim = 0.000
2026-03-16 11:53:45,220 pid=2276 penalty_e1_v2_total            = 2.636
2026-03-16 11:53:45,220 pid=2276 penalty_e1_46_high_persistent  = 92.589
2026-03-16 11:53:45,220 pid=2276 penalty_e1_46_low_before_stim  = 0.000
2026-03-16 11:53:45,220 pid=2276 penalty_e1_46_total            = 92.589
2026-03-16 11:53:45,220 pid=2276 penalty_e2                     = 0.000
2026-03-16 11:53:45,220 pid=2276 total_penalty_stim             = 95.225
2026-03-16 11:53:45,220 pid=2276 ---- SHAPE THE PATTERN ----
2026-03-16 11:53:45,220 pid=2276 v2_delta                   = -0.004 Hz
2026-03-16 11:53:45,220 pid=2276 a46_delta                  = -0.003 Hz
2026-03-16 11:53:45,220 pid=2276 bif_term                   = 0.753 Hz
2026-03-16 11:53:45,220 pid=2276 --- pattern penalties ---
2026-03-16 11:53:45,220 pid=2276 penalty_v2_no_transient           = 2.846
2026-03-16 11:53:45,220 pid=2276 penalty_46_no_persistence         = 2.833
2026-03-16 11:53:45,220 pid=2276 penalty_no_bifurcation_pattern    = 1.135
2026-03-16 11:53:45,220 pid=2276 TOTAL PENALTY (stim+base) = 102.039
2026-03-16 11:53:45,220 pid=2276 ===========================================
2026-03-16 11:54:06,858 pid=2276 ============== DEBUG FITNESS ==============
2026-03-16 11:54:06,858 pid=2276 stim_e1_v2               = 19.012 Hz
2026-03-16 11:54:06,858 pid=2276 mean_offstim_e1_v2       = 19.006 Hz
2026-03-16 11:54:06,858 pid=2276 persistent_e1_46         = 16.014 Hz
2026-03-16 11:54:06,858 pid=2276 mean_pre_e1_46           = 15.866 Hz
2026-03-16 11:54:06,858 pid=2276 e2_metric (anywhere, any t)= 0.000 Hz
2026-03-16 11:54:06,858 pid=2276 --- penalties ---
2026-03-16 11:54:06,858 pid=2276 penalty_e1_v2_high_during_stim = 0.000
2026-03-16 11:54:06,858 pid=2276 penalty_e1_v2_low_outside_stim = 18.006
2026-03-16 11:54:06,859 pid=2276 penalty_e1_v2_total            = 18.006
2026-03-16 11:54:06,859 pid=2276 penalty_e1_46_high_persistent  = 0.000
2026-03-16 11:54:06,859 pid=2276 penalty_e1_46_low_before_stim  = 14.866
2026-03-16 11:54:06,859 pid=2276 penalty_e1_46_total            = 14.866
2026-03-16 11:54:06,859 pid=2276 penalty_e2                     = 0.000
2026-03-16 11:54:06,859 pid=2276 total_penalty_stim             = 32.871
2026-03-16 11:54:06,859 pid=2276 ---- SHAPE THE PATTERN ----
2026-03-16 11:54:06,859 pid=2276 v2_delta                   = 0.007 Hz
2026-03-16 11:54:06,859 pid=2276 a46_delta                  = 0.148 Hz
2026-03-16 11:54:06,859 pid=2276 bif_term                   = 3.742 Hz
2026-03-16 11:54:06,859 pid=2276 --- pattern penalties ---
2026-03-16 11:54:06,859 pid=2276 penalty_v2_no_transient           = 2.763
2026-03-16 11:54:06,859 pid=2276 penalty_46_no_persistence         = 1.813
2026-03-16 11:54:06,859 pid=2276 penalty_no_bifurcation_pattern    = 28.004
2026-03-16 11:54:06,859 pid=2276 TOTAL PENALTY (stim+base) = 65.451
2026-03-16 11:54:06,859 pid=2276 ===========================================
2026-03-16 11:54:25,835 pid=2276 ============== DEBUG FITNESS ==============
2026-03-16 11:54:25,835 pid=2276 stim_e1_v2               = 0.613 Hz
2026-03-16 11:54:25,835 pid=2276 mean_offstim_e1_v2       = 0.635 Hz
2026-03-16 11:54:25,836 pid=2276 persistent_e1_46         = 17.388 Hz
2026-03-16 11:54:25,836 pid=2276 mean_pre_e1_46           = 17.249 Hz
2026-03-16 11:54:25,836 pid=2276 e2_metric (anywhere, any t)= 0.000 Hz
2026-03-16 11:54:25,836 pid=2276 --- penalties ---
2026-03-16 11:54:25,836 pid=2276 penalty_e1_v2_high_during_stim = 1.923
2026-03-16 11:54:25,836 pid=2276 penalty_e1_v2_low_outside_stim = 0.000
2026-03-16 11:54:25,836 pid=2276 penalty_e1_v2_total            = 1.923
2026-03-16 11:54:25,836 pid=2276 penalty_e1_46_high_persistent  = 0.000
2026-03-16 11:54:25,836 pid=2276 penalty_e1_46_low_before_stim  = 16.249
2026-03-16 11:54:25,836 pid=2276 penalty_e1_46_total            = 16.249
2026-03-16 11:54:25,836 pid=2276 penalty_e2                     = 0.000
2026-03-16 11:54:25,836 pid=2276 total_penalty_stim             = 18.172
2026-03-16 11:54:25,836 pid=2276 ---- SHAPE THE PATTERN ----
2026-03-16 11:54:25,836 pid=2276 v2_delta                   = -0.021 Hz
2026-03-16 11:54:25,836 pid=2276 a46_delta                  = 0.138 Hz
2026-03-16 11:54:25,836 pid=2276 bif_term                   = -16.003 Hz
2026-03-16 11:54:25,836 pid=2276 --- pattern penalties ---
2026-03-16 11:54:25,836 pid=2276 penalty_v2_no_transient           = 2.975
2026-03-16 11:54:25,836 pid=2276 penalty_46_no_persistence         = 1.872
2026-03-16 11:54:25,836 pid=2276 penalty_no_bifurcation_pattern    = 0.000
2026-03-16 11:54:25,836 pid=2276 TOTAL PENALTY (stim+base) = 23.019
2026-03-16 11:54:25,836 pid=2276 ===========================================
2026-03-16 11:54:40,100 pid=2276 ============== DEBUG FITNESS ==============
2026-03-16 11:54:40,100 pid=2276 stim_e1_v2               = 18.160 Hz
2026-03-16 11:54:40,100 pid=2276 mean_offstim_e1_v2       = 18.058 Hz
2026-03-16 11:54:40,100 pid=2276 persistent_e1_46         = 17.528 Hz
2026-03-16 11:54:40,100 pid=2276 mean_pre_e1_46           = 17.603 Hz
2026-03-16 11:54:40,100 pid=2276 e2_metric (anywhere, any t)= 0.000 Hz
2026-03-16 11:54:40,100 pid=2276 --- penalties ---
2026-03-16 11:54:40,101 pid=2276 penalty_e1_v2_high_during_stim = 0.000
2026-03-16 11:54:40,101 pid=2276 penalty_e1_v2_low_outside_stim = 17.058
2026-03-16 11:54:40,101 pid=2276 penalty_e1_v2_total            = 17.058
2026-03-16 11:54:40,101 pid=2276 penalty_e1_46_high_persistent  = 0.000
2026-03-16 11:54:40,101 pid=2276 penalty_e1_46_low_before_stim  = 16.603
2026-03-16 11:54:40,101 pid=2276 penalty_e1_46_total            = 16.603
2026-03-16 11:54:40,101 pid=2276 penalty_e2                     = 0.000
2026-03-16 11:54:40,101 pid=2276 total_penalty_stim             = 33.661
2026-03-16 11:54:40,101 pid=2276 ---- SHAPE THE PATTERN ----
2026-03-16 11:54:40,101 pid=2276 v2_delta                   = 0.103 Hz
2026-03-16 11:54:40,101 pid=2276 a46_delta                  = -0.075 Hz
2026-03-16 11:54:40,101 pid=2276 bif_term                   = 1.280 Hz
2026-03-16 11:54:40,101 pid=2276 --- pattern penalties ---
2026-03-16 11:54:40,101 pid=2276 penalty_v2_no_transient           = 2.095
2026-03-16 11:54:40,101 pid=2276 penalty_46_no_persistence         = 3.403
2026-03-16 11:54:40,101 pid=2276 penalty_no_bifurcation_pattern    = 3.275
2026-03-16 11:54:40,101 pid=2276 TOTAL PENALTY (stim+base) = 42.433
2026-03-16 11:54:40,101 pid=2276 ===========================================
2026-03-16 11:55:05,999 pid=2276 ============== DEBUG FITNESS ==============
2026-03-16 11:55:05,999 pid=2276 stim_e1_v2               = 19.048 Hz
2026-03-16 11:55:05,999 pid=2276 mean_offstim_e1_v2       = 19.073 Hz
2026-03-16 11:55:06,000 pid=2276 persistent_e1_46         = 17.677 Hz
2026-03-16 11:55:06,000 pid=2276 mean_pre_e1_46           = 17.715 Hz
2026-03-16 11:55:06,000 pid=2276 e2_metric (anywhere, any t)= 0.000 Hz
2026-03-16 11:55:06,000 pid=2276 --- penalties ---
2026-03-16 11:55:06,000 pid=2276 penalty_e1_v2_high_during_stim = 0.000
2026-03-16 11:55:06,000 pid=2276 penalty_e1_v2_low_outside_stim = 18.073
2026-03-16 11:55:06,000 pid=2276 penalty_e1_v2_total            = 18.073
2026-03-16 11:55:06,000 pid=2276 penalty_e1_46_high_persistent  = 0.000
2026-03-16 11:55:06,000 pid=2276 penalty_e1_46_low_before_stim  = 16.715
2026-03-16 11:55:06,000 pid=2276 penalty_e1_46_total            = 16.715
2026-03-16 11:55:06,000 pid=2276 penalty_e2                     = 0.000
2026-03-16 11:55:06,000 pid=2276 total_penalty_stim             = 34.788
2026-03-16 11:55:06,000 pid=2276 ---- SHAPE THE PATTERN ----
2026-03-16 11:55:06,000 pid=2276 v2_delta                   = -0.025 Hz
2026-03-16 11:55:06,000 pid=2276 a46_delta                  = -0.038 Hz
2026-03-16 11:55:06,000 pid=2276 bif_term                   = 2.146 Hz
2026-03-16 11:55:06,000 pid=2276 --- pattern penalties ---
2026-03-16 11:55:06,000 pid=2276 penalty_v2_no_transient           = 3.004
2026-03-16 11:55:06,000 pid=2276 penalty_46_no_persistence         = 3.107
2026-03-16 11:55:06,000 pid=2276 penalty_no_bifurcation_pattern    = 9.210
2026-03-16 11:55:06,000 pid=2276 TOTAL PENALTY (stim+base) = 50.109
2026-03-16 11:55:06,000 pid=2276 ===========================================
